Archive member included to satisfy reference by file (symbol)

c:/st/stm32cubeide_1.4.0/stm32cubeide/plugins/com.st.stm32cube.ide.mcu.externaltools.gnu-tools-for-stm32.7-2018-q2-update.win32_1.4.0.202007081208/tools/bin/../lib/gcc/arm-none-eabi/7.3.1/../../../../arm-none-eabi/lib/thumb/v7e-m/fpv4-sp/hard\libc_nano.a(lib_a-errno.o)
                              Core/Src/syscalls.o (__errno)
c:/st/stm32cubeide_1.4.0/stm32cubeide/plugins/com.st.stm32cube.ide.mcu.externaltools.gnu-tools-for-stm32.7-2018-q2-update.win32_1.4.0.202007081208/tools/bin/../lib/gcc/arm-none-eabi/7.3.1/../../../../arm-none-eabi/lib/thumb/v7e-m/fpv4-sp/hard\libc_nano.a(lib_a-exit.o)
                              c:/st/stm32cubeide_1.4.0/stm32cubeide/plugins/com.st.stm32cube.ide.mcu.externaltools.gnu-tools-for-stm32.7-2018-q2-update.win32_1.4.0.202007081208/tools/bin/../lib/gcc/arm-none-eabi/7.3.1/../../../../arm-none-eabi/lib/thumb/v7e-m/fpv4-sp/hard/crt0.o (exit)
c:/st/stm32cubeide_1.4.0/stm32cubeide/plugins/com.st.stm32cube.ide.mcu.externaltools.gnu-tools-for-stm32.7-2018-q2-update.win32_1.4.0.202007081208/tools/bin/../lib/gcc/arm-none-eabi/7.3.1/../../../../arm-none-eabi/lib/thumb/v7e-m/fpv4-sp/hard\libc_nano.a(lib_a-impure.o)
                              c:/st/stm32cubeide_1.4.0/stm32cubeide/plugins/com.st.stm32cube.ide.mcu.externaltools.gnu-tools-for-stm32.7-2018-q2-update.win32_1.4.0.202007081208/tools/bin/../lib/gcc/arm-none-eabi/7.3.1/../../../../arm-none-eabi/lib/thumb/v7e-m/fpv4-sp/hard\libc_nano.a(lib_a-exit.o) (_global_impure_ptr)
c:/st/stm32cubeide_1.4.0/stm32cubeide/plugins/com.st.stm32cube.ide.mcu.externaltools.gnu-tools-for-stm32.7-2018-q2-update.win32_1.4.0.202007081208/tools/bin/../lib/gcc/arm-none-eabi/7.3.1/../../../../arm-none-eabi/lib/thumb/v7e-m/fpv4-sp/hard\libc_nano.a(lib_a-init.o)
                              c:/st/stm32cubeide_1.4.0/stm32cubeide/plugins/com.st.stm32cube.ide.mcu.externaltools.gnu-tools-for-stm32.7-2018-q2-update.win32_1.4.0.202007081208/tools/bin/../lib/gcc/arm-none-eabi/7.3.1/../../../../arm-none-eabi/lib/thumb/v7e-m/fpv4-sp/hard/crt0.o (__libc_init_array)
c:/st/stm32cubeide_1.4.0/stm32cubeide/plugins/com.st.stm32cube.ide.mcu.externaltools.gnu-tools-for-stm32.7-2018-q2-update.win32_1.4.0.202007081208/tools/bin/../lib/gcc/arm-none-eabi/7.3.1/../../../../arm-none-eabi/lib/thumb/v7e-m/fpv4-sp/hard\libc_nano.a(lib_a-memset.o)
                              c:/st/stm32cubeide_1.4.0/stm32cubeide/plugins/com.st.stm32cube.ide.mcu.externaltools.gnu-tools-for-stm32.7-2018-q2-update.win32_1.4.0.202007081208/tools/bin/../lib/gcc/arm-none-eabi/7.3.1/../../../../arm-none-eabi/lib/thumb/v7e-m/fpv4-sp/hard/crt0.o (memset)

Allocating common symbols
Common symbol       size              file

uwTick              0x4               Drivers/STM32G4xx_HAL_Driver/Src/stm32g4xx_hal.o
u8LeftButtonState   0x1               Core/Src/pwm.o
hadc1               0x6c              Core/Src/main.o
u8Tens              0x1               Core/Src/adc.o
au8TextPot          0x4               Core/Src/adc.o
u8RightButtonState  0x1               Core/Src/pwm.o
htim1               0x4c              Core/Src/main.o
u8Hundreds          0x1               Core/Src/adc.o
u8Percentage        0x1               Core/Src/adc.o
u8Units             0x1               Core/Src/adc.o
ButtonStateN        0x1               Core/Src/leds.o

Discarded input sections

 .text          0x0000000000000000        0x0 c:/st/stm32cubeide_1.4.0/stm32cubeide/plugins/com.st.stm32cube.ide.mcu.externaltools.gnu-tools-for-stm32.7-2018-q2-update.win32_1.4.0.202007081208/tools/bin/../lib/gcc/arm-none-eabi/7.3.1/thumb/v7e-m/fpv4-sp/hard/crti.o
 .data          0x0000000000000000        0x0 c:/st/stm32cubeide_1.4.0/stm32cubeide/plugins/com.st.stm32cube.ide.mcu.externaltools.gnu-tools-for-stm32.7-2018-q2-update.win32_1.4.0.202007081208/tools/bin/../lib/gcc/arm-none-eabi/7.3.1/thumb/v7e-m/fpv4-sp/hard/crti.o
 .bss           0x0000000000000000        0x0 c:/st/stm32cubeide_1.4.0/stm32cubeide/plugins/com.st.stm32cube.ide.mcu.externaltools.gnu-tools-for-stm32.7-2018-q2-update.win32_1.4.0.202007081208/tools/bin/../lib/gcc/arm-none-eabi/7.3.1/thumb/v7e-m/fpv4-sp/hard/crti.o
 .data          0x0000000000000000        0x4 c:/st/stm32cubeide_1.4.0/stm32cubeide/plugins/com.st.stm32cube.ide.mcu.externaltools.gnu-tools-for-stm32.7-2018-q2-update.win32_1.4.0.202007081208/tools/bin/../lib/gcc/arm-none-eabi/7.3.1/thumb/v7e-m/fpv4-sp/hard/crtbegin.o
 .text          0x0000000000000000       0x74 c:/st/stm32cubeide_1.4.0/stm32cubeide/plugins/com.st.stm32cube.ide.mcu.externaltools.gnu-tools-for-stm32.7-2018-q2-update.win32_1.4.0.202007081208/tools/bin/../lib/gcc/arm-none-eabi/7.3.1/../../../../arm-none-eabi/lib/thumb/v7e-m/fpv4-sp/hard/crt0.o
[...]
Memory Configuration

Name             Origin             Length             Attributes
RAM              0x0000000020000000 0x0000000000008000 xrw
FLASH            0x0000000008000000 0x0000000000020000 xr
*default*        0x0000000000000000 0xffffffffffffffff

Linker script and memory map

LOAD c:/st/stm32cubeide_1.4.0/stm32cubeide/plugins/com.st.stm32cube.ide.mcu.externaltools.gnu-tools-for-stm32.7-2018-q2-update.win32_1.4.0.202007081208/tools/bin/../lib/gcc/arm-none-eabi/7.3.1/thumb/v7e-m/fpv4-sp/hard/crti.o
LOAD c:/st/stm32cubeide_1.4.0/stm32cubeide/plugins/com.st.stm32cube.ide.mcu.externaltools.gnu-tools-for-stm32.7-2018-q2-update.win32_1.4.0.202007081208/tools/bin/../lib/gcc/arm-none-eabi/7.3.1/thumb/v7e-m/fpv4-sp/hard/crtbegin.o
LOAD c:/st/stm32cubeide_1.4.0/stm32cubeide/plugins/com.st.stm32cube.ide.mcu.externaltools.gnu-tools-for-stm32.7-2018-q2-update.win32_1.4.0.202007081208/tools/bin/../lib/gcc/arm-none-eabi/7.3.1/../../../../arm-none-eabi/lib/thumb/v7e-m/fpv4-sp/hard/crt0.o
LOAD Core/Src/adc.o
LOAD Core/Src/lcd.o
LOAD Core/Src/leds.o
LOAD Core/Src/main.o
LOAD Core/Src/motor.o
LOAD Core/Src/pwm.o
LOAD Core/Src/stm32g4xx_hal_msp.o
LOAD Core/Src/stm32g4xx_it.o
LOAD Core/Src/syscalls.o
LOAD Core/Src/sysmem.o
LOAD Core/Src/system_stm32g4xx.o
LOAD Core/Startup/startup_stm32g431rbix.o
LOAD Drivers/STM32G4xx_HAL_Driver/Src/stm32g4xx_hal.o
LOAD Drivers/STM32G4xx_HAL_Driver/Src/stm32g4xx_hal_adc.o
LOAD Drivers/STM32G4xx_HAL_Driver/Src/stm32g4xx_hal_adc_ex.o
LOAD Drivers/STM32G4xx_HAL_Driver/Src/stm32g4xx_hal_cortex.o
LOAD Drivers/STM32G4xx_HAL_Driver/Src/stm32g4xx_hal_dma.o
LOAD Drivers/STM32G4xx_HAL_Driver/Src/stm32g4xx_hal_dma_ex.o
LOAD Drivers/STM32G4xx_HAL_Driver/Src/stm32g4xx_hal_exti.o
LOAD Drivers/STM32G4xx_HAL_Driver/Src/stm32g4xx_hal_flash.o
LOAD Drivers/STM32G4xx_HAL_Driver/Src/stm32g4xx_hal_flash_ex.o
LOAD Drivers/STM32G4xx_HAL_Driver/Src/stm32g4xx_hal_flash_ramfunc.o
LOAD Drivers/STM32G4xx_HAL_Driver/Src/stm32g4xx_hal_gpio.o
LOAD Drivers/STM32G4xx_HAL_Driver/Src/stm32g4xx_hal_pwr.o
LOAD Drivers/STM32G4xx_HAL_Driver/Src/stm32g4xx_hal_pwr_ex.o
LOAD Drivers/STM32G4xx_HAL_Driver/Src/stm32g4xx_hal_rcc.o
LOAD Drivers/STM32G4xx_HAL_Driver/Src/stm32g4xx_hal_rcc_ex.o
LOAD Drivers/STM32G4xx_HAL_Driver/Src/stm32g4xx_hal_tim.o
LOAD Drivers/STM32G4xx_HAL_Driver/Src/stm32g4xx_hal_tim_ex.o
LOAD Drivers/STM32G4xx_HAL_Driver/Src/stm32g4xx_ll_adc.o
START GROUP
LOAD c:/st/stm32cubeide_1.4.0/stm32cubeide/plugins/com.st.stm32cube.ide.mcu.externaltools.gnu-tools-for-stm32.7-2018-q2-update.win32_1.4.0.202007081208/tools/bin/../lib/gcc/arm-none-eabi/7.3.1/../../../../arm-none-eabi/lib/thumb/v7e-m/fpv4-sp/hard\libc_nano.a
LOAD c:/st/stm32cubeide_1.4.0/stm32cubeide/plugins/com.st.stm32cube.ide.mcu.externaltools.gnu-tools-for-stm32.7-2018-q2-update.win32_1.4.0.202007081208/tools/bin/../lib/gcc/arm-none-eabi/7.3.1/../../../../arm-none-eabi/lib/thumb/v7e-m/fpv4-sp/hard\libm.a
END GROUP
START GROUP
LOAD c:/st/stm32cubeide_1.4.0/stm32cubeide/plugins/com.st.stm32cube.ide.mcu.externaltools.gnu-tools-for-stm32.7-2018-q2-update.win32_1.4.0.202007081208/tools/bin/../lib/gcc/arm-none-eabi/7.3.1/thumb/v7e-m/fpv4-sp/hard\libgcc.a
LOAD c:/st/stm32cubeide_1.4.0/stm32cubeide/plugins/com.st.stm32cube.ide.mcu.externaltools.gnu-tools-for-stm32.7-2018-q2-update.win32_1.4.0.202007081208/tools/bin/../lib/gcc/arm-none-eabi/7.3.1/../../../../arm-none-eabi/lib/thumb/v7e-m/fpv4-sp/hard\libc_nano.a
END GROUP
START GROUP
LOAD c:/st/stm32cubeide_1.4.0/stm32cubeide/plugins/com.st.stm32cube.ide.mcu.externaltools.gnu-tools-for-stm32.7-2018-q2-update.win32_1.4.0.202007081208/tools/bin/../lib/gcc/arm-none-eabi/7.3.1/thumb/v7e-m/fpv4-sp/hard\libgcc.a
LOAD c:/st/stm32cubeide_1.4.0/stm32cubeide/plugins/com.st.stm32cube.ide.mcu.externaltools.gnu-tools-for-stm32.7-2018-q2-update.win32_1.4.0.202007081208/tools/bin/../lib/gcc/arm-none-eabi/7.3.1/../../../../arm-none-eabi/lib/thumb/v7e-m/fpv4-sp/hard\libc_nano.a
LOAD c:/st/stm32cubeide_1.4.0/stm32cubeide/plugins/com.st.stm32cube.ide.mcu.externaltools.gnu-tools-for-stm32.7-2018-q2-update.win32_1.4.0.202007081208/tools/bin/../lib/gcc/arm-none-eabi/7.3.1/../../../../arm-none-eabi/lib/thumb/v7e-m/fpv4-sp/hard\libnosys.a
END GROUP
START GROUP
LOAD c:/st/stm32cubeide_1.4.0/stm32cubeide/plugins/com.st.stm32cube.ide.mcu.externaltools.gnu-tools-for-stm32.7-2018-q2-update.win32_1.4.0.202007081208/tools/bin/../lib/gcc/arm-none-eabi/7.3.1/thumb/v7e-m/fpv4-sp/hard\libgcc.a
LOAD c:/st/stm32cubeide_1.4.0/stm32cubeide/plugins/com.st.stm32cube.ide.mcu.externaltools.gnu-tools-for-stm32.7-2018-q2-update.win32_1.4.0.202007081208/tools/bin/../lib/gcc/arm-none-eabi/7.3.1/../../../../arm-none-eabi/lib/thumb/v7e-m/fpv4-sp/hard\libc_nano.a
LOAD c:/st/stm32cubeide_1.4.0/stm32cubeide/plugins/com.st.stm32cube.ide.mcu.externaltools.gnu-tools-for-stm32.7-2018-q2-update.win32_1.4.0.202007081208/tools/bin/../lib/gcc/arm-none-eabi/7.3.1/../../../../arm-none-eabi/lib/thumb/v7e-m/fpv4-sp/hard\libnosys.a
END GROUP
LOAD c:/st/stm32cubeide_1.4.0/stm32cubeide/plugins/com.st.stm32cube.ide.mcu.externaltools.gnu-tools-for-stm32.7-2018-q2-update.win32_1.4.0.202007081208/tools/bin/../lib/gcc/arm-none-eabi/7.3.1/thumb/v7e-m/fpv4-sp/hard/crtend.o
LOAD c:/st/stm32cubeide_1.4.0/stm32cubeide/plugins/com.st.stm32cube.ide.mcu.externaltools.gnu-tools-for-stm32.7-2018-q2-update.win32_1.4.0.202007081208/tools/bin/../lib/gcc/arm-none-eabi/7.3.1/thumb/v7e-m/fpv4-sp/hard/crtn.o
                0x0000000020008000                _estack = (ORIGIN (RAM) + LENGTH (RAM))
                0x0000000000000200                _Min_Heap_Size = 0x200
                0x0000000000000400                _Min_Stack_Size = 0x400

.isr_vector     0x0000000008000000      0x1d8
                0x0000000008000000                . = ALIGN (0x4)
 *(.isr_vector)
 .isr_vector    0x0000000008000000      0x1d8 Core/Startup/startup_stm32g431rbix.o
                0x0000000008000000                g_pfnVectors
                0x00000000080001d8                . = ALIGN (0x4)

.text           0x00000000080001d8     0x5230
                0x00000000080001d8                . = ALIGN (0x4)
 *(.text)
 .text          0x00000000080001d8       0x40 c:/st/stm32cubeide_1.4.0/stm32cubeide/plugins/com.st.stm32cube.ide.mcu.externaltools.gnu-tools-for-stm32.7-2018-q2-update.win32_1.4.0.202007081208/tools/bin/../lib/gcc/arm-none-eabi/7.3.1/thumb/v7e-m/fpv4-sp/hard/crtbegin.o
 *(.text*)
 .text.vConvertIntToASCII
                0x0000000008000218      0x100 Core/Src/adc.o
                0x0000000008000218                vConvertIntToASCII
 .text.vConvertToASCII
                0x0000000008000318      0x1cc Core/Src/adc.o
                0x0000000008000318                vConvertToASCII
 .text.vLcd_Init
                0x00000000080004e4      0x3e0 Core/Src/lcd.o
                0x00000000080004e4                vLcd_Init
 .text.vLcd_puts
                0x00000000080008c4       0x3a Core/Src/lcd.o
                0x00000000080008c4                vLcd_puts
 *fill*         0x00000000080008fe        0x2 
 .text.vLcd_putc
                0x0000000008000900      0x160 Core/Src/lcd.o
                0x0000000008000900                vLcd_putc
 .text.vLcd_command
                0x0000000008000a60      0x160 Core/Src/lcd.o
                0x0000000008000a60                vLcd_command
 .text.vLcd_gotoxy
                0x0000000008000bc0       0x6c Core/Src/lcd.o
                0x0000000008000bc0                vLcd_gotoxy
 .text.vInit_Leds
                0x0000000008000c2c       0xb8 Core/Src/leds.o
                0x0000000008000c2c                vInit_Leds
 .text.vLedFunction
                0x0000000008000ce4      0x160 Core/Src/leds.o
                0x0000000008000ce4                vLedFunction
 .text.main     0x0000000008000e44       0x40 Core/Src/main.o
                0x0000000008000e44                main
 .text.SystemClock_Config
                0x0000000008000e84       0xd0 Core/Src/main.o
                0x0000000008000e84                SystemClock_Config
 .text.MX_ADC1_Init
                0x0000000008000f54       0xf0 Core/Src/main.o
 .text.MX_TIM1_Init
                0x0000000008001044      0x160 Core/Src/main.o
 .text.MX_GPIO_Init
                0x00000000080011a4       0x48 Core/Src/main.o
 .text.Error_Handler
                0x00000000080011ec        0xe Core/Src/main.o
                0x00000000080011ec                Error_Handler
 *fill*         0x00000000080011fa        0x2 
 .text.vMotor_Init
                0x00000000080011fc       0xf4 Core/Src/motor.o
                0x00000000080011fc                vMotor_Init
 .text.vDirection
                0x00000000080012f0       0xb4 Core/Src/motor.o
                0x00000000080012f0                vDirection
 .text.vPwm_Init
                0x00000000080013a4       0x7c Core/Src/pwm.o
                0x00000000080013a4                vPwm_Init
 .text.vDecreaseAndCreaseVel
                0x0000000008001420       0xa0 Core/Src/pwm.o
                0x0000000008001420                vDecreaseAndCreaseVel
 .text.HAL_MspInit
                0x00000000080014c0       0x48 Core/Src/stm32g4xx_hal_msp.o
                0x00000000080014c0                HAL_MspInit
 .text.HAL_ADC_MspInit
                0x0000000008001508       0x7c Core/Src/stm32g4xx_hal_msp.o
                0x0000000008001508                HAL_ADC_MspInit
 .text.HAL_TIM_Base_MspInit
                0x0000000008001584       0x40 Core/Src/stm32g4xx_hal_msp.o
                0x0000000008001584                HAL_TIM_Base_MspInit
 .text.HAL_TIM_MspPostInit
                0x00000000080015c4       0x70 Core/Src/stm32g4xx_hal_msp.o
                0x00000000080015c4                HAL_TIM_MspPostInit
 .text.NMI_Handler
                0x0000000008001634        0xe Core/Src/stm32g4xx_it.o
                0x0000000008001634                NMI_Handler
 .text.HardFault_Handler
                0x0000000008001642        0x6 Core/Src/stm32g4xx_it.o
                0x0000000008001642                HardFault_Handler
 .text.MemManage_Handler
                0x0000000008001648        0x6 Core/Src/stm32g4xx_it.o
                0x0000000008001648                MemManage_Handler
 .text.BusFault_Handler
                0x000000000800164e        0x6 Core/Src/stm32g4xx_it.o
                0x000000000800164e                BusFault_Handler
 .text.UsageFault_Handler
                0x0000000008001654        0x6 Core/Src/stm32g4xx_it.o
                0x0000000008001654                UsageFault_Handler
 .text.SVC_Handler
                0x000000000800165a        0xe Core/Src/stm32g4xx_it.o
                0x000000000800165a                SVC_Handler
 .text.DebugMon_Handler
                0x0000000008001668        0xe Core/Src/stm32g4xx_it.o
                0x0000000008001668                DebugMon_Handler
 .text.PendSV_Handler
                0x0000000008001676        0xe Core/Src/stm32g4xx_it.o
                0x0000000008001676                PendSV_Handler
 .text.SysTick_Handler
                0x0000000008001684        0xc Core/Src/stm32g4xx_it.o
                0x0000000008001684                SysTick_Handler
 .text.SystemInit
                0x0000000008001690       0x2c Core/Src/system_stm32g4xx.o
                0x0000000008001690                SystemInit
 .text.Reset_Handler
                0x00000000080016bc       0x50 Core/Startup/startup_stm32g431rbix.o
                0x00000000080016bc                Reset_Handler
 .text.Default_Handler
                0x000000000800170c        0x2 Core/Startup/startup_stm32g431rbix.o
                0x000000000800170c                RTC_Alarm_IRQHandler
                0x000000000800170c                EXTI2_IRQHandler
                0x000000000800170c                TIM8_TRG_COM_IRQHandler
                0x000000000800170c                TIM8_CC_IRQHandler
                0x000000000800170c                TIM1_CC_IRQHandler
                0x000000000800170c                USB_HP_IRQHandler
                0x000000000800170c                CORDIC_IRQHandler
                0x000000000800170c                EXTI3_IRQHandler
                0x000000000800170c                I2C3_ER_IRQHandler
                0x000000000800170c                EXTI0_IRQHandler
                0x000000000800170c                I2C2_EV_IRQHandler
                0x000000000800170c                FPU_IRQHandler
                0x000000000800170c                FDCAN1_IT1_IRQHandler
                0x000000000800170c                TIM1_UP_TIM16_IRQHandler
                0x000000000800170c                ADC1_2_IRQHandler
                0x000000000800170c                SPI1_IRQHandler
                0x000000000800170c                TIM6_DAC_IRQHandler
                0x000000000800170c                TIM8_UP_IRQHandler
                0x000000000800170c                DMA2_Channel2_IRQHandler
                0x000000000800170c                DMA1_Channel4_IRQHandler
                0x000000000800170c                USART3_IRQHandler
                0x000000000800170c                TIM4_IRQHandler
                0x000000000800170c                DMA2_Channel1_IRQHandler
                0x000000000800170c                I2C1_EV_IRQHandler
                0x000000000800170c                DMA1_Channel6_IRQHandler
                0x000000000800170c                UART4_IRQHandler
                0x000000000800170c                DMA2_Channel4_IRQHandler
                0x000000000800170c                TIM3_IRQHandler
                0x000000000800170c                RCC_IRQHandler
                0x000000000800170c                DMA1_Channel1_IRQHandler
                0x000000000800170c                Default_Handler
                0x000000000800170c                RTC_TAMP_LSECSS_IRQHandler
                0x000000000800170c                FMAC_IRQHandler
                0x000000000800170c                EXTI15_10_IRQHandler
                0x000000000800170c                TIM7_IRQHandler
                0x000000000800170c                UCPD1_IRQHandler
                0x000000000800170c                I2C3_EV_IRQHandler
                0x000000000800170c                EXTI9_5_IRQHandler
                0x000000000800170c                RTC_WKUP_IRQHandler
                0x000000000800170c                PVD_PVM_IRQHandler
                0x000000000800170c                SPI2_IRQHandler
                0x000000000800170c                DMA2_Channel5_IRQHandler
                0x000000000800170c                CRS_IRQHandler
                0x000000000800170c                DMA1_Channel5_IRQHandler
                0x000000000800170c                USB_LP_IRQHandler
                0x000000000800170c                EXTI4_IRQHandler
                0x000000000800170c                RNG_IRQHandler
                0x000000000800170c                TIM1_TRG_COM_TIM17_IRQHandler
                0x000000000800170c                DMA1_Channel3_IRQHandler
                0x000000000800170c                WWDG_IRQHandler
                0x000000000800170c                LPUART1_IRQHandler
                0x000000000800170c                DMA2_Channel6_IRQHandler
                0x000000000800170c                FDCAN1_IT0_IRQHandler
                0x000000000800170c                TIM2_IRQHandler
                0x000000000800170c                COMP1_2_3_IRQHandler
                0x000000000800170c                EXTI1_IRQHandler
                0x000000000800170c                USART2_IRQHandler
                0x000000000800170c                I2C2_ER_IRQHandler
                0x000000000800170c                DMA1_Channel2_IRQHandler
                0x000000000800170c                TIM8_BRK_IRQHandler
                0x000000000800170c                FLASH_IRQHandler
                0x000000000800170c                USART1_IRQHandler
                0x000000000800170c                SPI3_IRQHandler
                0x000000000800170c                I2C1_ER_IRQHandler
                0x000000000800170c                LPTIM1_IRQHandler
                0x000000000800170c                DMAMUX_OVR_IRQHandler
                0x000000000800170c                USBWakeUp_IRQHandler
                0x000000000800170c                SAI1_IRQHandler
                0x000000000800170c                DMA2_Channel3_IRQHandler
                0x000000000800170c                COMP4_IRQHandler
                0x000000000800170c                TIM1_BRK_TIM15_IRQHandler
 .text.HAL_Init
                0x000000000800170e       0x30 Drivers/STM32G4xx_HAL_Driver/Src/stm32g4xx_hal.o
                0x000000000800170e                HAL_Init
 *fill*         0x000000000800173e        0x2 
 .text.HAL_InitTick
                0x0000000008001740       0x74 Drivers/STM32G4xx_HAL_Driver/Src/stm32g4xx_hal.o
                0x0000000008001740                HAL_InitTick
 .text.HAL_IncTick
                0x00000000080017b4       0x24 Drivers/STM32G4xx_HAL_Driver/Src/stm32g4xx_hal.o
                0x00000000080017b4                HAL_IncTick
 .text.HAL_GetTick
                0x00000000080017d8       0x18 Drivers/STM32G4xx_HAL_Driver/Src/stm32g4xx_hal.o
                0x00000000080017d8                HAL_GetTick
 .text.HAL_Delay
                0x00000000080017f0       0x44 Drivers/STM32G4xx_HAL_Driver/Src/stm32g4xx_hal.o
                0x00000000080017f0                HAL_Delay
 .text.LL_ADC_SetCommonClock
                0x0000000008001834       0x26 Drivers/STM32G4xx_HAL_Driver/Src/stm32g4xx_hal_adc.o
 .text.LL_ADC_SetCommonPathInternalCh
                0x000000000800185a       0x26 Drivers/STM32G4xx_HAL_Driver/Src/stm32g4xx_hal_adc.o
 .text.LL_ADC_GetCommonPathInternalCh
                0x0000000008001880       0x1c Drivers/STM32G4xx_HAL_Driver/Src/stm32g4xx_hal_adc.o
 .text.LL_ADC_SetOffset
                0x000000000800189c       0x48 Drivers/STM32G4xx_HAL_Driver/Src/stm32g4xx_hal_adc.o
 .text.LL_ADC_GetOffsetChannel
                0x00000000080018e4       0x2c Drivers/STM32G4xx_HAL_Driver/Src/stm32g4xx_hal_adc.o
 .text.LL_ADC_SetOffsetState
                0x0000000008001910       0x36 Drivers/STM32G4xx_HAL_Driver/Src/stm32g4xx_hal_adc.o
 .text.LL_ADC_SetOffsetSign
                0x0000000008001946       0x36 Drivers/STM32G4xx_HAL_Driver/Src/stm32g4xx_hal_adc.o
 .text.LL_ADC_SetOffsetSaturation
                0x000000000800197c       0x36 Drivers/STM32G4xx_HAL_Driver/Src/stm32g4xx_hal_adc.o
 .text.LL_ADC_SetSamplingTimeCommonConfig
                0x00000000080019b2       0x26 Drivers/STM32G4xx_HAL_Driver/Src/stm32g4xx_hal_adc.o
 .text.LL_ADC_REG_IsTriggerSourceSWStart
                0x00000000080019d8       0x26 Drivers/STM32G4xx_HAL_Driver/Src/stm32g4xx_hal_adc.o
 .text.LL_ADC_REG_SetSequencerRanks
                0x00000000080019fe       0x58 Drivers/STM32G4xx_HAL_Driver/Src/stm32g4xx_hal_adc.o
 .text.LL_ADC_SetChannelSamplingTime
                0x0000000008001a56       0x56 Drivers/STM32G4xx_HAL_Driver/Src/stm32g4xx_hal_adc.o
 .text.LL_ADC_SetChannelSingleDiff
                0x0000000008001aac       0x48 Drivers/STM32G4xx_HAL_Driver/Src/stm32g4xx_hal_adc.o
 .text.LL_ADC_GetMultimode
                0x0000000008001af4       0x1c Drivers/STM32G4xx_HAL_Driver/Src/stm32g4xx_hal_adc.o
 .text.LL_ADC_GetMultiDMATransfer
                0x0000000008001b10       0x1c Drivers/STM32G4xx_HAL_Driver/Src/stm32g4xx_hal_adc.o
 .text.LL_ADC_DisableDeepPowerDown
                0x0000000008001b2c       0x24 Drivers/STM32G4xx_HAL_Driver/Src/stm32g4xx_hal_adc.o
 .text.LL_ADC_IsDeepPowerDownEnabled
                0x0000000008001b50       0x28 Drivers/STM32G4xx_HAL_Driver/Src/stm32g4xx_hal_adc.o
 .text.LL_ADC_EnableInternalRegulator
                0x0000000008001b78       0x28 Drivers/STM32G4xx_HAL_Driver/Src/stm32g4xx_hal_adc.o
 .text.LL_ADC_IsInternalRegulatorEnabled
                0x0000000008001ba0       0x28 Drivers/STM32G4xx_HAL_Driver/Src/stm32g4xx_hal_adc.o
 .text.LL_ADC_Enable
                0x0000000008001bc8       0x28 Drivers/STM32G4xx_HAL_Driver/Src/stm32g4xx_hal_adc.o
 .text.LL_ADC_IsEnabled
                0x0000000008001bf0       0x26 Drivers/STM32G4xx_HAL_Driver/Src/stm32g4xx_hal_adc.o
 .text.LL_ADC_REG_StartConversion
                0x0000000008001c16       0x28 Drivers/STM32G4xx_HAL_Driver/Src/stm32g4xx_hal_adc.o
 .text.LL_ADC_REG_IsConversionOngoing
                0x0000000008001c3e       0x26 Drivers/STM32G4xx_HAL_Driver/Src/stm32g4xx_hal_adc.o
 .text.LL_ADC_INJ_IsConversionOngoing
                0x0000000008001c64       0x26 Drivers/STM32G4xx_HAL_Driver/Src/stm32g4xx_hal_adc.o
 *fill*         0x0000000008001c8a        0x2 
 .text.HAL_ADC_Init
                0x0000000008001c8c      0x310 Drivers/STM32G4xx_HAL_Driver/Src/stm32g4xx_hal_adc.o
                0x0000000008001c8c                HAL_ADC_Init
 .text.HAL_ADC_Start
                0x0000000008001f9c      0x178 Drivers/STM32G4xx_HAL_Driver/Src/stm32g4xx_hal_adc.o
                0x0000000008001f9c                HAL_ADC_Start
 .text.HAL_ADC_PollForConversion
                0x0000000008002114      0x1a0 Drivers/STM32G4xx_HAL_Driver/Src/stm32g4xx_hal_adc.o
                0x0000000008002114                HAL_ADC_PollForConversion
 .text.HAL_ADC_GetValue
                0x00000000080022b4       0x1a Drivers/STM32G4xx_HAL_Driver/Src/stm32g4xx_hal_adc.o
                0x00000000080022b4                HAL_ADC_GetValue
 *fill*         0x00000000080022ce        0x2 
 .text.HAL_ADC_ConfigChannel
                0x00000000080022d0      0x7e0 Drivers/STM32G4xx_HAL_Driver/Src/stm32g4xx_hal_adc.o
                0x00000000080022d0                HAL_ADC_ConfigChannel
 .text.ADC_Enable
                0x0000000008002ab0       0xb4 Drivers/STM32G4xx_HAL_Driver/Src/stm32g4xx_hal_adc.o
                0x0000000008002ab0                ADC_Enable
 .text.LL_ADC_IsEnabled
                0x0000000008002b64       0x26 Drivers/STM32G4xx_HAL_Driver/Src/stm32g4xx_hal_adc_ex.o
 .text.LL_ADC_REG_IsConversionOngoing
                0x0000000008002b8a       0x26 Drivers/STM32G4xx_HAL_Driver/Src/stm32g4xx_hal_adc_ex.o
 .text.HAL_ADCEx_MultiModeConfigChannel
                0x0000000008002bb0      0x140 Drivers/STM32G4xx_HAL_Driver/Src/stm32g4xx_hal_adc_ex.o
                0x0000000008002bb0                HAL_ADCEx_MultiModeConfigChannel
 .text.__NVIC_SetPriorityGrouping
                0x0000000008002cf0       0x48 Drivers/STM32G4xx_HAL_Driver/Src/stm32g4xx_hal_cortex.o
 .text.__NVIC_GetPriorityGrouping
                0x0000000008002d38       0x1c Drivers/STM32G4xx_HAL_Driver/Src/stm32g4xx_hal_cortex.o
 .text.__NVIC_SetPriority
                0x0000000008002d54       0x54 Drivers/STM32G4xx_HAL_Driver/Src/stm32g4xx_hal_cortex.o
 .text.NVIC_EncodePriority
                0x0000000008002da8       0x66 Drivers/STM32G4xx_HAL_Driver/Src/stm32g4xx_hal_cortex.o
 *fill*         0x0000000008002e0e        0x2 
 .text.SysTick_Config
                0x0000000008002e10       0x44 Drivers/STM32G4xx_HAL_Driver/Src/stm32g4xx_hal_cortex.o
 .text.HAL_NVIC_SetPriorityGrouping
                0x0000000008002e54       0x16 Drivers/STM32G4xx_HAL_Driver/Src/stm32g4xx_hal_cortex.o
                0x0000000008002e54                HAL_NVIC_SetPriorityGrouping
 .text.HAL_NVIC_SetPriority
                0x0000000008002e6a       0x34 Drivers/STM32G4xx_HAL_Driver/Src/stm32g4xx_hal_cortex.o
                0x0000000008002e6a                HAL_NVIC_SetPriority
 .text.HAL_SYSTICK_Config
                0x0000000008002e9e       0x18 Drivers/STM32G4xx_HAL_Driver/Src/stm32g4xx_hal_cortex.o
                0x0000000008002e9e                HAL_SYSTICK_Config
 *fill*         0x0000000008002eb6        0x2 
 .text.HAL_GPIO_Init
                0x0000000008002eb8      0x304 Drivers/STM32G4xx_HAL_Driver/Src/stm32g4xx_hal_gpio.o
                0x0000000008002eb8                HAL_GPIO_Init
 .text.HAL_GPIO_ReadPin
                0x00000000080031bc       0x30 Drivers/STM32G4xx_HAL_Driver/Src/stm32g4xx_hal_gpio.o
                0x00000000080031bc                HAL_GPIO_ReadPin
 .text.HAL_GPIO_WritePin
                0x00000000080031ec       0x30 Drivers/STM32G4xx_HAL_Driver/Src/stm32g4xx_hal_gpio.o
                0x00000000080031ec                HAL_GPIO_WritePin
 .text.HAL_GPIO_TogglePin
                0x000000000800321c       0x34 Drivers/STM32G4xx_HAL_Driver/Src/stm32g4xx_hal_gpio.o
                0x000000000800321c                HAL_GPIO_TogglePin
 .text.HAL_PWREx_ControlVoltageScaling
                0x0000000008003250      0x148 Drivers/STM32G4xx_HAL_Driver/Src/stm32g4xx_hal_pwr_ex.o
                0x0000000008003250                HAL_PWREx_ControlVoltageScaling
 .text.HAL_PWREx_DisableUCPDDeadBattery
                0x0000000008003398       0x20 Drivers/STM32G4xx_HAL_Driver/Src/stm32g4xx_hal_pwr_ex.o
                0x0000000008003398                HAL_PWREx_DisableUCPDDeadBattery
 .text.HAL_RCC_OscConfig
                0x00000000080033b8      0x630 Drivers/STM32G4xx_HAL_Driver/Src/stm32g4xx_hal_rcc.o
                0x00000000080033b8                HAL_RCC_OscConfig
 .text.HAL_RCC_ClockConfig
                0x00000000080039e8      0x278 Drivers/STM32G4xx_HAL_Driver/Src/stm32g4xx_hal_rcc.o
                0x00000000080039e8                HAL_RCC_ClockConfig
 .text.HAL_RCC_GetSysClockFreq
                0x0000000008003c60       0xc4 Drivers/STM32G4xx_HAL_Driver/Src/stm32g4xx_hal_rcc.o
                0x0000000008003c60                HAL_RCC_GetSysClockFreq
 .text.RCC_GetSysClockFreqFromPLLSource
                0x0000000008003d24       0x8c Drivers/STM32G4xx_HAL_Driver/Src/stm32g4xx_hal_rcc.o
 .text.HAL_RCCEx_PeriphCLKConfig
                0x0000000008003db0      0x3e0 Drivers/STM32G4xx_HAL_Driver/Src/stm32g4xx_hal_rcc_ex.o
                0x0000000008003db0                HAL_RCCEx_PeriphCLKConfig
 .text.HAL_TIM_Base_Init
                0x0000000008004190       0xae Drivers/STM32G4xx_HAL_Driver/Src/stm32g4xx_hal_tim.o
                0x0000000008004190                HAL_TIM_Base_Init
 .text.HAL_TIM_PWM_Init
                0x000000000800423e       0xae Drivers/STM32G4xx_HAL_Driver/Src/stm32g4xx_hal_tim.o
                0x000000000800423e                HAL_TIM_PWM_Init
 .text.HAL_TIM_PWM_MspInit
                0x00000000080042ec       0x14 Drivers/STM32G4xx_HAL_Driver/Src/stm32g4xx_hal_tim.o
                0x00000000080042ec                HAL_TIM_PWM_MspInit
 .text.HAL_TIM_PWM_Start
                0x0000000008004300      0x200 Drivers/STM32G4xx_HAL_Driver/Src/stm32g4xx_hal_tim.o
                0x0000000008004300                HAL_TIM_PWM_Start
 .text.HAL_TIM_PWM_ConfigChannel
                0x0000000008004500      0x220 Drivers/STM32G4xx_HAL_Driver/Src/stm32g4xx_hal_tim.o
                0x0000000008004500                HAL_TIM_PWM_ConfigChannel
 .text.HAL_TIM_ConfigClockSource
                0x0000000008004720      0x1a4 Drivers/STM32G4xx_HAL_Driver/Src/stm32g4xx_hal_tim.o
                0x0000000008004720                HAL_TIM_ConfigClockSource
 .text.TIM_Base_SetConfig
                0x00000000080048c4      0x120 Drivers/STM32G4xx_HAL_Driver/Src/stm32g4xx_hal_tim.o
                0x00000000080048c4                TIM_Base_SetConfig
 .text.TIM_OC1_SetConfig
                0x00000000080049e4      0x120 Drivers/STM32G4xx_HAL_Driver/Src/stm32g4xx_hal_tim.o
 .text.TIM_OC2_SetConfig
                0x0000000008004b04      0x114 Drivers/STM32G4xx_HAL_Driver/Src/stm32g4xx_hal_tim.o
                0x0000000008004b04                TIM_OC2_SetConfig
 .text.TIM_OC3_SetConfig
                0x0000000008004c18      0x110 Drivers/STM32G4xx_HAL_Driver/Src/stm32g4xx_hal_tim.o
 .text.TIM_OC4_SetConfig
                0x0000000008004d28      0x114 Drivers/STM32G4xx_HAL_Driver/Src/stm32g4xx_hal_tim.o
 .text.TIM_OC5_SetConfig
                0x0000000008004e3c       0xc8 Drivers/STM32G4xx_HAL_Driver/Src/stm32g4xx_hal_tim.o
 .text.TIM_OC6_SetConfig
                0x0000000008004f04       0xcc Drivers/STM32G4xx_HAL_Driver/Src/stm32g4xx_hal_tim.o
 .text.TIM_TI1_ConfigInputStage
                0x0000000008004fd0       0x5e Drivers/STM32G4xx_HAL_Driver/Src/stm32g4xx_hal_tim.o
 .text.TIM_TI2_ConfigInputStage
                0x000000000800502e       0x60 Drivers/STM32G4xx_HAL_Driver/Src/stm32g4xx_hal_tim.o
 .text.TIM_ITRx_SetConfig
                0x000000000800508e       0x3a Drivers/STM32G4xx_HAL_Driver/Src/stm32g4xx_hal_tim.o
 .text.TIM_ETR_SetConfig
                0x00000000080050c8       0x40 Drivers/STM32G4xx_HAL_Driver/Src/stm32g4xx_hal_tim.o
                0x00000000080050c8                TIM_ETR_SetConfig
 .text.TIM_CCxChannelCmd
                0x0000000008005108       0x4a Drivers/STM32G4xx_HAL_Driver/Src/stm32g4xx_hal_tim.o
                0x0000000008005108                TIM_CCxChannelCmd
 *fill*         0x0000000008005152        0x2 
 .text.HAL_TIMEx_MasterConfigSynchronization
                0x0000000008005154      0x104 Drivers/STM32G4xx_HAL_Driver/Src/stm32g4xx_hal_tim_ex.o
                0x0000000008005154                HAL_TIMEx_MasterConfigSynchronization
 .text.HAL_TIMEx_ConfigBreakDeadTime
                0x0000000008005258      0x140 Drivers/STM32G4xx_HAL_Driver/Src/stm32g4xx_hal_tim_ex.o
                0x0000000008005258                HAL_TIMEx_ConfigBreakDeadTime
 .text.__libc_init_array
                0x0000000008005398       0x48 c:/st/stm32cubeide_1.4.0/stm32cubeide/plugins/com.st.stm32cube.ide.mcu.externaltools.gnu-tools-for-stm32.7-2018-q2-update.win32_1.4.0.202007081208/tools/bin/../lib/gcc/arm-none-eabi/7.3.1/../../../../arm-none-eabi/lib/thumb/v7e-m/fpv4-sp/hard\libc_nano.a(lib_a-init.o)
                0x0000000008005398                __libc_init_array
 .text.memset   0x00000000080053e0       0x10 c:/st/stm32cubeide_1.4.0/stm32cubeide/plugins/com.st.stm32cube.ide.mcu.externaltools.gnu-tools-for-stm32.7-2018-q2-update.win32_1.4.0.202007081208/tools/bin/../lib/gcc/arm-none-eabi/7.3.1/../../../../arm-none-eabi/lib/thumb/v7e-m/fpv4-sp/hard\libc_nano.a(lib_a-memset.o)
                0x00000000080053e0                memset
 *(.glue_7)
 .glue_7        0x00000000080053f0        0x0 linker stubs
 *(.glue_7t)
 .glue_7t       0x00000000080053f0        0x0 linker stubs
 *(.eh_frame)
 .eh_frame      0x00000000080053f0        0x0 c:/st/stm32cubeide_1.4.0/stm32cubeide/plugins/com.st.stm32cube.ide.mcu.externaltools.gnu-tools-for-stm32.7-2018-q2-update.win32_1.4.0.202007081208/tools/bin/../lib/gcc/arm-none-eabi/7.3.1/thumb/v7e-m/fpv4-sp/hard/crtbegin.o
 *(.init)
 .init          0x00000000080053f0        0x4 c:/st/stm32cubeide_1.4.0/stm32cubeide/plugins/com.st.stm32cube.ide.mcu.externaltools.gnu-tools-for-stm32.7-2018-q2-update.win32_1.4.0.202007081208/tools/bin/../lib/gcc/arm-none-eabi/7.3.1/thumb/v7e-m/fpv4-sp/hard/crti.o
                0x00000000080053f0                _init
 .init          0x00000000080053f4        0x8 c:/st/stm32cubeide_1.4.0/stm32cubeide/plugins/com.st.stm32cube.ide.mcu.externaltools.gnu-tools-for-stm32.7-2018-q2-update.win32_1.4.0.202007081208/tools/bin/../lib/gcc/arm-none-eabi/7.3.1/thumb/v7e-m/fpv4-sp/hard/crtn.o
 *(.fini)
 .fini          0x00000000080053fc        0x4 c:/st/stm32cubeide_1.4.0/stm32cubeide/plugins/com.st.stm32cube.ide.mcu.externaltools.gnu-tools-for-stm32.7-2018-q2-update.win32_1.4.0.202007081208/tools/bin/../lib/gcc/arm-none-eabi/7.3.1/thumb/v7e-m/fpv4-sp/hard/crti.o
                0x00000000080053fc                _fini
 .fini          0x0000000008005400        0x8 c:/st/stm32cubeide_1.4.0/stm32cubeide/plugins/com.st.stm32cube.ide.mcu.externaltools.gnu-tools-for-stm32.7-2018-q2-update.win32_1.4.0.202007081208/tools/bin/../lib/gcc/arm-none-eabi/7.3.1/thumb/v7e-m/fpv4-sp/hard/crtn.o
                0x0000000008005408                . = ALIGN (0x4)
                0x0000000008005408                _etext = .

.vfp11_veneer   0x0000000008005408        0x0
 .vfp11_veneer  0x0000000008005408        0x0 linker stubs

.v4_bx          0x0000000008005408        0x0
 .v4_bx         0x0000000008005408        0x0 linker stubs

.iplt           0x0000000008005408        0x0
 .iplt          0x0000000008005408        0x0 c:/st/stm32cubeide_1.4.0/stm32cubeide/plugins/com.st.stm32cube.ide.mcu.externaltools.gnu-tools-for-stm32.7-2018-q2-update.win32_1.4.0.202007081208/tools/bin/../lib/gcc/arm-none-eabi/7.3.1/thumb/v7e-m/fpv4-sp/hard/crtbegin.o

.rodata         0x0000000008005408       0x10
                0x0000000008005408                . = ALIGN (0x4)
 *(.rodata)
 *(.rodata*)
 .rodata.AHBPrescTable
                0x0000000008005408       0x10 Core/Src/system_stm32g4xx.o
                0x0000000008005408                AHBPrescTable
                0x0000000008005418                . = ALIGN (0x4)

.rel.dyn        0x0000000008005418        0x0
 .rel.iplt      0x0000000008005418        0x0 c:/st/stm32cubeide_1.4.0/stm32cubeide/plugins/com.st.stm32cube.ide.mcu.externaltools.gnu-tools-for-stm32.7-2018-q2-update.win32_1.4.0.202007081208/tools/bin/../lib/gcc/arm-none-eabi/7.3.1/thumb/v7e-m/fpv4-sp/hard/crtbegin.o

.ARM.extab      0x0000000008005418        0x0
                0x0000000008005418                . = ALIGN (0x4)
 *(.ARM.extab* .gnu.linkonce.armextab.*)
                0x0000000008005418                . = ALIGN (0x4)

.ARM            0x0000000008005418        0x0
                0x0000000008005418                . = ALIGN (0x4)
                0x0000000008005418                __exidx_start = .
 *(.ARM.exidx*)
                0x0000000008005418                __exidx_end = .
                0x0000000008005418                . = ALIGN (0x4)

.preinit_array  0x0000000008005418        0x0
                0x0000000008005418                . = ALIGN (0x4)
                0x0000000008005418                PROVIDE (__preinit_array_start = .)
 *(.preinit_array*)
                0x0000000008005418                PROVIDE (__preinit_array_end = .)
                0x0000000008005418                . = ALIGN (0x4)

.init_array     0x0000000008005418        0x4
                0x0000000008005418                . = ALIGN (0x4)
                0x0000000008005418                PROVIDE (__init_array_start = .)
 *(SORT_BY_NAME(.init_array.*))
 *(.init_array*)
 .init_array    0x0000000008005418        0x4 c:/st/stm32cubeide_1.4.0/stm32cubeide/plugins/com.st.stm32cube.ide.mcu.externaltools.gnu-tools-for-stm32.7-2018-q2-update.win32_1.4.0.202007081208/tools/bin/../lib/gcc/arm-none-eabi/7.3.1/thumb/v7e-m/fpv4-sp/hard/crtbegin.o
                0x000000000800541c                PROVIDE (__init_array_end = .)
                0x000000000800541c                . = ALIGN (0x4)

.fini_array     0x000000000800541c        0x4
                0x000000000800541c                . = ALIGN (0x4)
                [!provide]                        PROVIDE (__fini_array_start = .)
 *(SORT_BY_NAME(.fini_array.*))
 *(.fini_array*)
 .fini_array    0x000000000800541c        0x4 c:/st/stm32cubeide_1.4.0/stm32cubeide/plugins/com.st.stm32cube.ide.mcu.externaltools.gnu-tools-for-stm32.7-2018-q2-update.win32_1.4.0.202007081208/tools/bin/../lib/gcc/arm-none-eabi/7.3.1/thumb/v7e-m/fpv4-sp/hard/crtbegin.o
                [!provide]                        PROVIDE (__fini_array_end = .)
                0x0000000008005420                . = ALIGN (0x4)
                0x0000000008005420                _sidata = LOADADDR (.data)

.data           0x0000000020000000       0x24 load address 0x0000000008005420
                0x0000000020000000                . = ALIGN (0x4)
                0x0000000020000000                _sdata = .
 *(.data)
 *(.data*)
 .data.au8Text  0x0000000020000000        0xb Core/Src/leds.o
                0x0000000020000000                au8Text
 *fill*         0x000000002000000b        0x1 
 .data.au8OText
                0x000000002000000c        0xc Core/Src/leds.o
                0x000000002000000c                au8OText
 .data.SystemCoreClock
                0x0000000020000018        0x4 Core/Src/system_stm32g4xx.o
                0x0000000020000018                SystemCoreClock
 .data.uwTickPrio
                0x000000002000001c        0x4 Drivers/STM32G4xx_HAL_Driver/Src/stm32g4xx_hal.o
                0x000000002000001c                uwTickPrio
 .data.uwTickFreq
                0x0000000020000020        0x4 Drivers/STM32G4xx_HAL_Driver/Src/stm32g4xx_hal.o
                0x0000000020000020                uwTickFreq
                0x0000000020000024                . = ALIGN (0x4)
                0x0000000020000024                _edata = .

.igot.plt       0x0000000020000024        0x0 load address 0x0000000008005444
 .igot.plt      0x0000000020000024        0x0 c:/st/stm32cubeide_1.4.0/stm32cubeide/plugins/com.st.stm32cube.ide.mcu.externaltools.gnu-tools-for-stm32.7-2018-q2-update.win32_1.4.0.202007081208/tools/bin/../lib/gcc/arm-none-eabi/7.3.1/thumb/v7e-m/fpv4-sp/hard/crtbegin.o
                0x0000000020000024                . = ALIGN (0x4)

.bss            0x0000000020000024       0xf0 load address 0x0000000008005444
                0x0000000020000024                _sbss = .
                0x0000000020000024                __bss_start__ = _sbss
 *(.bss)
 .bss           0x0000000020000024       0x1c c:/st/stm32cubeide_1.4.0/stm32cubeide/plugins/com.st.stm32cube.ide.mcu.externaltools.gnu-tools-for-stm32.7-2018-q2-update.win32_1.4.0.202007081208/tools/bin/../lib/gcc/arm-none-eabi/7.3.1/thumb/v7e-m/fpv4-sp/hard/crtbegin.o
 *(.bss*)
 .bss.u16Adc1   0x0000000020000040        0x2 Core/Src/adc.o
 .bss.EstButtonN
                0x0000000020000042        0x1 Core/Src/leds.o
 .bss.EstButton
                0x0000000020000043        0x1 Core/Src/motor.o
 .bss.u16DutyCycle
                0x0000000020000044        0x2 Core/Src/pwm.o
 *(COMMON)
 *fill*         0x0000000020000046        0x2 
 COMMON         0x0000000020000048        0xb Core/Src/adc.o
                0x0000000020000048                u8Tens
                0x000000002000004c                au8TextPot
                0x0000000020000050                u8Hundreds
                0x0000000020000051                u8Percentage
                0x0000000020000052                u8Units
 COMMON         0x0000000020000053        0x1 Core/Src/leds.o
                0x0000000020000053                ButtonStateN
 COMMON         0x0000000020000054       0xb8 Core/Src/main.o
                0x0000000020000054                hadc1
                0x00000000200000c0                htim1
 COMMON         0x000000002000010c        0x2 Core/Src/pwm.o
                0x000000002000010c                u8LeftButtonState
                0x000000002000010d                u8RightButtonState
 *fill*         0x000000002000010e        0x2 
 COMMON         0x0000000020000110        0x4 Drivers/STM32G4xx_HAL_Driver/Src/stm32g4xx_hal.o
                0x0000000020000110                uwTick
                0x0000000020000114                . = ALIGN (0x4)
                0x0000000020000114                _ebss = .
                0x0000000020000114                __bss_end__ = _ebss

._user_heap_stack
                0x0000000020000114      0x604 load address 0x0000000008005444
                0x0000000020000118                . = ALIGN (0x8)
 *fill*         0x0000000020000114        0x4 
                [!provide]                        PROVIDE (end = .)
                0x0000000020000118                PROVIDE (_end = .)
                0x0000000020000318                . = (. + _Min_Heap_Size)
 *fill*         0x0000000020000118      0x200 
                0x0000000020000718                . = (. + _Min_Stack_Size)
 *fill*         0x0000000020000318      0x400 
                0x0000000020000718                . = ALIGN (0x8)

/DISCARD/
 libc.a(*)
 libm.a(*)
 libgcc.a(*)

.ARM.attributes
                0x0000000000000000       0x30
 *(.ARM.attributes)
 .ARM.attributes
                0x0000000000000000       0x22 c:/st/stm32cubeide_1.4.0/stm32cubeide/plugins/com.st.stm32cube.ide.mcu.externaltools.gnu-tools-for-stm32.7-2018-q2-update.win32_1.4.0.202007081208/tools/bin/../lib/gcc/arm-none-eabi/7.3.1/thumb/v7e-m/fpv4-sp/hard/crti.o
 .ARM.attributes
                0x0000000000000022       0x34 c:/st/stm32cubeide_1.4.0/stm32cubeide/plugins/com.st.stm32cube.ide.mcu.externaltools.gnu-tools-for-stm32.7-2018-q2-update.win32_1.4.0.202007081208/tools/bin/../lib/gcc/arm-none-eabi/7.3.1/thumb/v7e-m/fpv4-sp/hard/crtbegin.o
 .ARM.attributes
                0x0000000000000056       0x39 Core/Src/adc.o
 .ARM.attributes
                0x000000000000008f       0x39 Core/Src/lcd.o
 .ARM.attributes
                0x00000000000000c8       0x39 Core/Src/leds.o
 .ARM.attributes
                0x0000000000000101       0x39 Core/Src/main.o
 .ARM.attributes
                0x000000000000013a       0x39 Core/Src/motor.o
 .ARM.attributes
                0x0000000000000173       0x39 Core/Src/pwm.o
 .ARM.attributes
                0x00000000000001ac       0x39 Core/Src/stm32g4xx_hal_msp.o
 .ARM.attributes
                0x00000000000001e5       0x39 Core/Src/stm32g4xx_it.o
 .ARM.attributes
                0x000000000000021e       0x39 Core/Src/system_stm32g4xx.o
 .ARM.attributes
                0x0000000000000257       0x21 Core/Startup/startup_stm32g431rbix.o
 .ARM.attributes
                0x0000000000000278       0x39 Drivers/STM32G4xx_HAL_Driver/Src/stm32g4xx_hal.o
 .ARM.attributes
                0x00000000000002b1       0x39 Drivers/STM32G4xx_HAL_Driver/Src/stm32g4xx_hal_adc.o
 .ARM.attributes
                0x00000000000002ea       0x39 Drivers/STM32G4xx_HAL_Driver/Src/stm32g4xx_hal_adc_ex.o
 .ARM.attributes
                0x0000000000000323       0x39 Drivers/STM32G4xx_HAL_Driver/Src/stm32g4xx_hal_cortex.o
 .ARM.attributes
                0x000000000000035c       0x39 Drivers/STM32G4xx_HAL_Driver/Src/stm32g4xx_hal_gpio.o
 .ARM.attributes
                0x0000000000000395       0x39 Drivers/STM32G4xx_HAL_Driver/Src/stm32g4xx_hal_pwr_ex.o
 .ARM.attributes
                0x00000000000003ce       0x39 Drivers/STM32G4xx_HAL_Driver/Src/stm32g4xx_hal_rcc.o
 .ARM.attributes
                0x0000000000000407       0x39 Drivers/STM32G4xx_HAL_Driver/Src/stm32g4xx_hal_rcc_ex.o
 .ARM.attributes
                0x0000000000000440       0x39 Drivers/STM32G4xx_HAL_Driver/Src/stm32g4xx_hal_tim.o
 .ARM.attributes
                0x0000000000000479       0x39 Drivers/STM32G4xx_HAL_Driver/Src/stm32g4xx_hal_tim_ex.o
 .ARM.attributes
                0x00000000000004b2       0x34 c:/st/stm32cubeide_1.4.0/stm32cubeide/plugins/com.st.stm32cube.ide.mcu.externaltools.gnu-tools-for-stm32.7-2018-q2-update.win32_1.4.0.202007081208/tools/bin/../lib/gcc/arm-none-eabi/7.3.1/../../../../arm-none-eabi/lib/thumb/v7e-m/fpv4-sp/hard\libc_nano.a(lib_a-init.o)
 .ARM.attributes
                0x00000000000004e6       0x34 c:/st/stm32cubeide_1.4.0/stm32cubeide/plugins/com.st.stm32cube.ide.mcu.externaltools.gnu-tools-for-stm32.7-2018-q2-update.win32_1.4.0.202007081208/tools/bin/../lib/gcc/arm-none-eabi/7.3.1/../../../../arm-none-eabi/lib/thumb/v7e-m/fpv4-sp/hard\libc_nano.a(lib_a-memset.o)
 .ARM.attributes
                0x000000000000051a       0x22 c:/st/stm32cubeide_1.4.0/stm32cubeide/plugins/com.st.stm32cube.ide.mcu.externaltools.gnu-tools-for-stm32.7-2018-q2-update.win32_1.4.0.202007081208/tools/bin/../lib/gcc/arm-none-eabi/7.3.1/thumb/v7e-m/fpv4-sp/hard/crtn.o
OUTPUT(Estancia1Code.elf elf32-littlearm)

.debug_info     0x0000000000000000    0x145e0
 .debug_info    0x0000000000000000      0xdd8 Core/Src/adc.o
 .debug_info    0x0000000000000dd8      0xf30 Core/Src/lcd.o
 .debug_info    0x0000000000001d08      0x690 Core/Src/leds.o
 .debug_info    0x0000000000002398     0x151d Core/Src/main.o
 .debug_info    0x00000000000038b5      0x650 Core/Src/motor.o
 .debug_info    0x0000000000003f05     0x10f2 Core/Src/pwm.o
 .debug_info    0x0000000000004ff7     0x11e0 Core/Src/stm32g4xx_hal_msp.o
 .debug_info    0x00000000000061d7      0xdc3 Core/Src/stm32g4xx_it.o
 .debug_info    0x0000000000006f9a      0x6af Core/Src/system_stm32g4xx.o
 .debug_info    0x0000000000007649       0x22 Core/Startup/startup_stm32g431rbix.o
 .debug_info    0x000000000000766b      0xbaa Drivers/STM32G4xx_HAL_Driver/Src/stm32g4xx_hal.o
 .debug_info    0x0000000000008215     0x20e7 Drivers/STM32G4xx_HAL_Driver/Src/stm32g4xx_hal_adc.o
 .debug_info    0x000000000000a2fc     0x1df8 Drivers/STM32G4xx_HAL_Driver/Src/stm32g4xx_hal_adc_ex.o
 .debug_info    0x000000000000c0f4      0xebb Drivers/STM32G4xx_HAL_Driver/Src/stm32g4xx_hal_cortex.o
 .debug_info    0x000000000000cfaf      0x978 Drivers/STM32G4xx_HAL_Driver/Src/stm32g4xx_hal_gpio.o
 .debug_info    0x000000000000d927      0xa9c Drivers/STM32G4xx_HAL_Driver/Src/stm32g4xx_hal_pwr_ex.o
 .debug_info    0x000000000000e3c3      0xca5 Drivers/STM32G4xx_HAL_Driver/Src/stm32g4xx_hal_rcc.o
 .debug_info    0x000000000000f068      0xd92 Drivers/STM32G4xx_HAL_Driver/Src/stm32g4xx_hal_rcc_ex.o
 .debug_info    0x000000000000fdfa     0x2b3d Drivers/STM32G4xx_HAL_Driver/Src/stm32g4xx_hal_tim.o
 .debug_info    0x0000000000012937     0x1ca9 Drivers/STM32G4xx_HAL_Driver/Src/stm32g4xx_hal_tim_ex.o

.debug_abbrev   0x0000000000000000     0x2591
 .debug_abbrev  0x0000000000000000      0x19c Core/Src/adc.o
 .debug_abbrev  0x000000000000019c      0x20c Core/Src/lcd.o
 .debug_abbrev  0x00000000000003a8      0x15d Core/Src/leds.o
 .debug_abbrev  0x0000000000000505      0x21f Core/Src/main.o
 .debug_abbrev  0x0000000000000724      0x14e Core/Src/motor.o
 .debug_abbrev  0x0000000000000872      0x1c8 Core/Src/pwm.o
 .debug_abbrev  0x0000000000000a3a      0x1e2 Core/Src/stm32g4xx_hal_msp.o
 .debug_abbrev  0x0000000000000c1c      0x194 Core/Src/stm32g4xx_it.o
 .debug_abbrev  0x0000000000000db0      0x147 Core/Src/system_stm32g4xx.o
 .debug_abbrev  0x0000000000000ef7       0x12 Core/Startup/startup_stm32g431rbix.o
 .debug_abbrev  0x0000000000000f09      0x1fb Drivers/STM32G4xx_HAL_Driver/Src/stm32g4xx_hal.o
 .debug_abbrev  0x0000000000001104      0x25d Drivers/STM32G4xx_HAL_Driver/Src/stm32g4xx_hal_adc.o
 .debug_abbrev  0x0000000000001361      0x27d Drivers/STM32G4xx_HAL_Driver/Src/stm32g4xx_hal_adc_ex.o
 .debug_abbrev  0x00000000000015de      0x2f1 Drivers/STM32G4xx_HAL_Driver/Src/stm32g4xx_hal_cortex.o
 .debug_abbrev  0x00000000000018cf      0x1c0 Drivers/STM32G4xx_HAL_Driver/Src/stm32g4xx_hal_gpio.o
 .debug_abbrev  0x0000000000001a8f      0x1fd Drivers/STM32G4xx_HAL_Driver/Src/stm32g4xx_hal_pwr_ex.o
 .debug_abbrev  0x0000000000001c8c      0x245 Drivers/STM32G4xx_HAL_Driver/Src/stm32g4xx_hal_rcc.o
 .debug_abbrev  0x0000000000001ed1      0x204 Drivers/STM32G4xx_HAL_Driver/Src/stm32g4xx_hal_rcc_ex.o
 .debug_abbrev  0x00000000000020d5      0x25b Drivers/STM32G4xx_HAL_Driver/Src/stm32g4xx_hal_tim.o
 .debug_abbrev  0x0000000000002330      0x261 Drivers/STM32G4xx_HAL_Driver/Src/stm32g4xx_hal_tim_ex.o

.debug_aranges  0x0000000000000000     0x1178
 .debug_aranges
                0x0000000000000000       0x28 Core/Src/adc.o
 .debug_aranges
                0x0000000000000028       0x48 Core/Src/lcd.o
 .debug_aranges
                0x0000000000000070       0x28 Core/Src/leds.o
 .debug_aranges
                0x0000000000000098       0x48 Core/Src/main.o
 .debug_aranges
                0x00000000000000e0       0x28 Core/Src/motor.o
 .debug_aranges
                0x0000000000000108       0x28 Core/Src/pwm.o
 .debug_aranges
                0x0000000000000130       0x48 Core/Src/stm32g4xx_hal_msp.o
 .debug_aranges
                0x0000000000000178       0x60 Core/Src/stm32g4xx_it.o
 .debug_aranges
                0x00000000000001d8       0x28 Core/Src/system_stm32g4xx.o
 .debug_aranges
                0x0000000000000200       0x28 Core/Startup/startup_stm32g431rbix.o
 .debug_aranges
                0x0000000000000228      0x130 Drivers/STM32G4xx_HAL_Driver/Src/stm32g4xx_hal.o
 .debug_aranges
                0x0000000000000358      0x248 Drivers/STM32G4xx_HAL_Driver/Src/stm32g4xx_hal_adc.o
 .debug_aranges
                0x00000000000005a0      0x1c0 Drivers/STM32G4xx_HAL_Driver/Src/stm32g4xx_hal_adc_ex.o
 .debug_aranges
                0x0000000000000760      0x118 Drivers/STM32G4xx_HAL_Driver/Src/stm32g4xx_hal_cortex.o
 .debug_aranges
                0x0000000000000878       0x58 Drivers/STM32G4xx_HAL_Driver/Src/stm32g4xx_hal_gpio.o
 .debug_aranges
                0x00000000000008d0      0x140 Drivers/STM32G4xx_HAL_Driver/Src/stm32g4xx_hal_pwr_ex.o
 .debug_aranges
                0x0000000000000a10       0x98 Drivers/STM32G4xx_HAL_Driver/Src/stm32g4xx_hal_rcc.o
 .debug_aranges
                0x0000000000000aa8       0xb0 Drivers/STM32G4xx_HAL_Driver/Src/stm32g4xx_hal_rcc_ex.o
 .debug_aranges
                0x0000000000000b58      0x3e0 Drivers/STM32G4xx_HAL_Driver/Src/stm32g4xx_hal_tim.o
 .debug_aranges
                0x0000000000000f38      0x240 Drivers/STM32G4xx_HAL_Driver/Src/stm32g4xx_hal_tim_ex.o

.debug_ranges   0x0000000000000000     0x1040
 .debug_ranges  0x0000000000000000       0x18 Core/Src/adc.o
 .debug_ranges  0x0000000000000018       0x38 Core/Src/lcd.o
 .debug_ranges  0x0000000000000050       0x18 Core/Src/leds.o
 .debug_ranges  0x0000000000000068       0x38 Core/Src/main.o
 .debug_ranges  0x00000000000000a0       0x18 Core/Src/motor.o
 .debug_ranges  0x00000000000000b8       0x18 Core/Src/pwm.o
 .debug_ranges  0x00000000000000d0       0x38 Core/Src/stm32g4xx_hal_msp.o
 .debug_ranges  0x0000000000000108       0x50 Core/Src/stm32g4xx_it.o
 .debug_ranges  0x0000000000000158       0x18 Core/Src/system_stm32g4xx.o
 .debug_ranges  0x0000000000000170       0x20 Core/Startup/startup_stm32g431rbix.o
 .debug_ranges  0x0000000000000190      0x120 Drivers/STM32G4xx_HAL_Driver/Src/stm32g4xx_hal.o
 .debug_ranges  0x00000000000002b0      0x238 Drivers/STM32G4xx_HAL_Driver/Src/stm32g4xx_hal_adc.o
 .debug_ranges  0x00000000000004e8      0x1b0 Drivers/STM32G4xx_HAL_Driver/Src/stm32g4xx_hal_adc_ex.o
 .debug_ranges  0x0000000000000698      0x108 Drivers/STM32G4xx_HAL_Driver/Src/stm32g4xx_hal_cortex.o
 .debug_ranges  0x00000000000007a0       0x48 Drivers/STM32G4xx_HAL_Driver/Src/stm32g4xx_hal_gpio.o
 .debug_ranges  0x00000000000007e8      0x130 Drivers/STM32G4xx_HAL_Driver/Src/stm32g4xx_hal_pwr_ex.o
 .debug_ranges  0x0000000000000918       0x88 Drivers/STM32G4xx_HAL_Driver/Src/stm32g4xx_hal_rcc.o
 .debug_ranges  0x00000000000009a0       0xa0 Drivers/STM32G4xx_HAL_Driver/Src/stm32g4xx_hal_rcc_ex.o
 .debug_ranges  0x0000000000000a40      0x3d0 Drivers/STM32G4xx_HAL_Driver/Src/stm32g4xx_hal_tim.o
 .debug_ranges  0x0000000000000e10      0x230 Drivers/STM32G4xx_HAL_Driver/Src/stm32g4xx_hal_tim_ex.o

.debug_macro    0x0000000000000000    0x2041c
 .debug_macro   0x0000000000000000      0x208 Core/Src/adc.o
 .debug_macro   0x0000000000000208      0xa5a Core/Src/adc.o
 .debug_macro   0x0000000000000c62      0x15b Core/Src/adc.o
 .debug_macro   0x0000000000000dbd       0x2e Core/Src/adc.o
 .debug_macro   0x0000000000000deb       0x28 Core/Src/adc.o
 .debug_macro   0x0000000000000e13       0x22 Core/Src/adc.o
 .debug_macro   0x0000000000000e35       0x8e Core/Src/adc.o
 .debug_macro   0x0000000000000ec3       0x51 Core/Src/adc.o
 .debug_macro   0x0000000000000f14       0xef Core/Src/adc.o
 .debug_macro   0x0000000000001003       0x6a Core/Src/adc.o
 .debug_macro   0x000000000000106d      0x1df Core/Src/adc.o
 .debug_macro   0x000000000000124c       0x1c Core/Src/adc.o
 .debug_macro   0x0000000000001268       0x22 Core/Src/adc.o
 .debug_macro   0x000000000000128a      0x101 Core/Src/adc.o
 .debug_macro   0x000000000000138b     0x1011 Core/Src/adc.o
 .debug_macro   0x000000000000239c      0x11f Core/Src/adc.o
 .debug_macro   0x00000000000024bb    0x1138f Core/Src/adc.o
 .debug_macro   0x000000000001384a       0x43 Core/Src/adc.o
 .debug_macro   0x000000000001388d     0x34ed Core/Src/adc.o
 .debug_macro   0x0000000000016d7a      0x174 Core/Src/adc.o
 .debug_macro   0x0000000000016eee       0x5a Core/Src/adc.o
 .debug_macro   0x0000000000016f48     0x13de Core/Src/adc.o
 .debug_macro   0x0000000000018326      0x535 Core/Src/adc.o
 .debug_macro   0x000000000001885b      0x137 Core/Src/adc.o
 .debug_macro   0x0000000000018992      0x289 Core/Src/adc.o
 .debug_macro   0x0000000000018c1b      0x41d Core/Src/adc.o
 .debug_macro   0x0000000000019038      0x18b Core/Src/adc.o
 .debug_macro   0x00000000000191c3       0x43 Core/Src/adc.o
 .debug_macro   0x0000000000019206      0x23d Core/Src/adc.o
 .debug_macro   0x0000000000019443     0x10fd Core/Src/adc.o
 .debug_macro   0x000000000001a540      0x72e Core/Src/adc.o
 .debug_macro   0x000000000001ac6e      0x391 Core/Src/adc.o
 .debug_macro   0x000000000001afff      0x212 Core/Src/adc.o
 .debug_macro   0x000000000001b211      0x401 Core/Src/adc.o
 .debug_macro   0x000000000001b612      0x107 Core/Src/adc.o
 .debug_macro   0x000000000001b719      0x122 Core/Src/adc.o
 .debug_macro   0x000000000001b83b      0x3d1 Core/Src/adc.o
 .debug_macro   0x000000000001bc0c      0xbbe Core/Src/adc.o
 .debug_macro   0x000000000001c7ca      0x47e Core/Src/adc.o
 .debug_macro   0x000000000001cc48      0x307 Core/Src/adc.o
 .debug_macro   0x000000000001cf4f      0x1d4 Core/Src/adc.o
 .debug_macro   0x000000000001d123       0x22 Core/Src/adc.o
 .debug_macro   0x000000000001d145       0x22 Core/Src/adc.o
 .debug_macro   0x000000000001d167      0x35e Core/Src/lcd.o
 .debug_macro   0x000000000001d4c5       0x46 Core/Src/lcd.o
 .debug_macro   0x000000000001d50b       0x18 Core/Src/lcd.o
 .debug_macro   0x000000000001d523       0x3c Core/Src/lcd.o
 .debug_macro   0x000000000001d55f       0x34 Core/Src/lcd.o
 .debug_macro   0x000000000001d593       0x16 Core/Src/lcd.o
 .debug_macro   0x000000000001d5a9       0x35 Core/Src/lcd.o
 .debug_macro   0x000000000001d5de      0x32a Core/Src/lcd.o
 .debug_macro   0x000000000001d908       0x10 Core/Src/lcd.o
 .debug_macro   0x000000000001d918       0x52 Core/Src/lcd.o
 .debug_macro   0x000000000001d96a       0x1f Core/Src/lcd.o
 .debug_macro   0x000000000001d989       0x43 Core/Src/lcd.o
 .debug_macro   0x000000000001d9cc       0x20 Core/Src/lcd.o
 .debug_macro   0x000000000001d9ec      0x1a3 Core/Src/lcd.o
 .debug_macro   0x000000000001db8f       0x10 Core/Src/lcd.o
 .debug_macro   0x000000000001db9f       0x1c Core/Src/lcd.o
 .debug_macro   0x000000000001dbbb       0x52 Core/Src/lcd.o
 .debug_macro   0x000000000001dc0d       0x40 Core/Src/lcd.o
 .debug_macro   0x000000000001dc4d       0x10 Core/Src/lcd.o
 .debug_macro   0x000000000001dc5d       0x40 Core/Src/lcd.o
 .debug_macro   0x000000000001dc9d       0xd7 Core/Src/lcd.o
 .debug_macro   0x000000000001dd74       0x1c Core/Src/lcd.o
 .debug_macro   0x000000000001dd90       0x3d Core/Src/lcd.o
 .debug_macro   0x000000000001ddcd       0x16 Core/Src/lcd.o
 .debug_macro   0x000000000001dde3      0x145 Core/Src/lcd.o
 .debug_macro   0x000000000001df28       0x2e Core/Src/lcd.o
 .debug_macro   0x000000000001df56      0x1fe Core/Src/leds.o
 .debug_macro   0x000000000001e154       0x22 Core/Src/leds.o
 .debug_macro   0x000000000001e176      0x21a Core/Src/main.o
 .debug_macro   0x000000000001e390       0x1c Core/Src/main.o
 .debug_macro   0x000000000001e3ac       0x76 Core/Src/main.o
 .debug_macro   0x000000000001e422      0x1da Core/Src/main.o
 .debug_macro   0x000000000001e5fc      0x1fe Core/Src/motor.o
 .debug_macro   0x000000000001e7fa       0x70 Core/Src/motor.o
 .debug_macro   0x000000000001e86a      0x1fe Core/Src/pwm.o
 .debug_macro   0x000000000001ea68      0x1ec Core/Src/stm32g4xx_hal_msp.o
 .debug_macro   0x000000000001ec54      0x1f6 Core/Src/stm32g4xx_it.o
 .debug_macro   0x000000000001ee4a      0x1e3 Core/Src/system_stm32g4xx.o
 .debug_macro   0x000000000001f02d      0x22b Drivers/STM32G4xx_HAL_Driver/Src/stm32g4xx_hal.o
 .debug_macro   0x000000000001f258      0x1fa Drivers/STM32G4xx_HAL_Driver/Src/stm32g4xx_hal_adc.o
 .debug_macro   0x000000000001f452      0x1e9 Drivers/STM32G4xx_HAL_Driver/Src/stm32g4xx_hal_adc_ex.o
 .debug_macro   0x000000000001f63b      0x1dd Drivers/STM32G4xx_HAL_Driver/Src/stm32g4xx_hal_cortex.o
 .debug_macro   0x000000000001f818      0x215 Drivers/STM32G4xx_HAL_Driver/Src/stm32g4xx_hal_gpio.o
 .debug_macro   0x000000000001fa2d      0x207 Drivers/STM32G4xx_HAL_Driver/Src/stm32g4xx_hal_pwr_ex.o
 .debug_macro   0x000000000001fc34      0x219 Drivers/STM32G4xx_HAL_Driver/Src/stm32g4xx_hal_rcc.o
 .debug_macro   0x000000000001fe4d      0x207 Drivers/STM32G4xx_HAL_Driver/Src/stm32g4xx_hal_rcc_ex.o
 .debug_macro   0x0000000000020054      0x1e5 Drivers/STM32G4xx_HAL_Driver/Src/stm32g4xx_hal_tim.o
 .debug_macro   0x0000000000020239      0x1e3 Drivers/STM32G4xx_HAL_Driver/Src/stm32g4xx_hal_tim_ex.o

.debug_line     0x0000000000000000     0xe90d
 .debug_line    0x0000000000000000      0x756 Core/Src/adc.o
 .debug_line    0x0000000000000756      0x9e5 Core/Src/lcd.o
 .debug_line    0x000000000000113b      0x767 Core/Src/leds.o
 .debug_line    0x00000000000018a2      0x7fa Core/Src/main.o
 .debug_line    0x000000000000209c      0x742 Core/Src/motor.o
 .debug_line    0x00000000000027de      0x723 Core/Src/pwm.o
 .debug_line    0x0000000000002f01      0x75e Core/Src/stm32g4xx_hal_msp.o
 .debug_line    0x000000000000365f      0x794 Core/Src/stm32g4xx_it.o
 .debug_line    0x0000000000003df3      0x70a Core/Src/system_stm32g4xx.o
 .debug_line    0x00000000000044fd       0x8a Core/Startup/startup_stm32g431rbix.o
 .debug_line    0x0000000000004587      0x990 Drivers/STM32G4xx_HAL_Driver/Src/stm32g4xx_hal.o
 .debug_line    0x0000000000004f17     0x151a Drivers/STM32G4xx_HAL_Driver/Src/stm32g4xx_hal_adc.o
 .debug_line    0x0000000000006431     0x122c Drivers/STM32G4xx_HAL_Driver/Src/stm32g4xx_hal_adc_ex.o
 .debug_line    0x000000000000765d      0xa18 Drivers/STM32G4xx_HAL_Driver/Src/stm32g4xx_hal_cortex.o
 .debug_line    0x0000000000008075      0x892 Drivers/STM32G4xx_HAL_Driver/Src/stm32g4xx_hal_gpio.o
 .debug_line    0x0000000000008907      0xa7b Drivers/STM32G4xx_HAL_Driver/Src/stm32g4xx_hal_pwr_ex.o
 .debug_line    0x0000000000009382      0x9cf Drivers/STM32G4xx_HAL_Driver/Src/stm32g4xx_hal_rcc.o
 .debug_line    0x0000000000009d51      0xb79 Drivers/STM32G4xx_HAL_Driver/Src/stm32g4xx_hal_rcc_ex.o
 .debug_line    0x000000000000a8ca     0x280e Drivers/STM32G4xx_HAL_Driver/Src/stm32g4xx_hal_tim.o
 .debug_line    0x000000000000d0d8     0x1835 Drivers/STM32G4xx_HAL_Driver/Src/stm32g4xx_hal_tim_ex.o

.debug_str      0x0000000000000000    0xd558a
 .debug_str     0x0000000000000000    0xcc151 Core/Src/adc.o
                                      0xcc7df (size before relaxing)
 .debug_str     0x00000000000cc151     0x42f1 Core/Src/lcd.o
                                      0xd0217 (size before relaxing)
 .debug_str     0x00000000000d0442       0x9a Core/Src/leds.o
                                      0xcc0ec (size before relaxing)
 .debug_str     0x00000000000d04dc      0x8ce Core/Src/main.o
                                      0xcd231 (size before relaxing)
 .debug_str     0x00000000000d0daa       0x41 Core/Src/motor.o
                                      0xcbaef (size before relaxing)
 .debug_str     0x00000000000d0deb       0x64 Core/Src/pwm.o
                                      0xcc920 (size before relaxing)
 .debug_str     0x00000000000d0e4f       0xa2 Core/Src/stm32g4xx_hal_msp.o
                                      0xcbf6f (size before relaxing)
 .debug_str     0x00000000000d0ef1       0xbd Core/Src/stm32g4xx_it.o
                                      0xcbe1e (size before relaxing)
 .debug_str     0x00000000000d0fae       0xc6 Core/Src/system_stm32g4xx.o
                                      0xcb655 (size before relaxing)
 .debug_str     0x00000000000d1074       0x36 Core/Startup/startup_stm32g431rbix.o
                                         0x75 (size before relaxing)
 .debug_str     0x00000000000d10aa      0x9d5 Drivers/STM32G4xx_HAL_Driver/Src/stm32g4xx_hal.o
                                      0xcc113 (size before relaxing)
 .debug_str     0x00000000000d1a7f      0xa74 Drivers/STM32G4xx_HAL_Driver/Src/stm32g4xx_hal_adc.o
                                      0xcc590 (size before relaxing)
 .debug_str     0x00000000000d24f3      0x731 Drivers/STM32G4xx_HAL_Driver/Src/stm32g4xx_hal_adc_ex.o
                                      0xcc564 (size before relaxing)
 .debug_str     0x00000000000d2c24      0x38e Drivers/STM32G4xx_HAL_Driver/Src/stm32g4xx_hal_cortex.o
                                      0xcbe1b (size before relaxing)
 .debug_str     0x00000000000d2fb2      0x221 Drivers/STM32G4xx_HAL_Driver/Src/stm32g4xx_hal_gpio.o
                                      0xcb8c2 (size before relaxing)
 .debug_str     0x00000000000d31d3      0x4c2 Drivers/STM32G4xx_HAL_Driver/Src/stm32g4xx_hal_pwr_ex.o
                                      0xcbb34 (size before relaxing)
 .debug_str     0x00000000000d3695      0x3ab Drivers/STM32G4xx_HAL_Driver/Src/stm32g4xx_hal_rcc.o
                                      0xcbbce (size before relaxing)
 .debug_str     0x00000000000d3a40      0x3f2 Drivers/STM32G4xx_HAL_Driver/Src/stm32g4xx_hal_rcc_ex.o
                                      0xcbce7 (size before relaxing)
 .debug_str     0x00000000000d3e32      0xe00 Drivers/STM32G4xx_HAL_Driver/Src/stm32g4xx_hal_tim.o
                                      0xcca0a (size before relaxing)
 .debug_str     0x00000000000d4c32      0x958 Drivers/STM32G4xx_HAL_Driver/Src/stm32g4xx_hal_tim_ex.o
                                      0xcc6ce (size before relaxing)

.comment        0x0000000000000000       0x7b
 .comment       0x0000000000000000       0x7b Core/Src/adc.o
                                         0x7c (size before relaxing)
 .comment       0x000000000000007b       0x7c Core/Src/lcd.o
 .comment       0x000000000000007b       0x7c Core/Src/leds.o
 .comment       0x000000000000007b       0x7c Core/Src/main.o
 .comment       0x000000000000007b       0x7c Core/Src/motor.o
 .comment       0x000000000000007b       0x7c Core/Src/pwm.o
 .comment       0x000000000000007b       0x7c Core/Src/stm32g4xx_hal_msp.o
 .comment       0x000000000000007b       0x7c Core/Src/stm32g4xx_it.o
 .comment       0x000000000000007b       0x7c Core/Src/system_stm32g4xx.o
 .comment       0x000000000000007b       0x7c Drivers/STM32G4xx_HAL_Driver/Src/stm32g4xx_hal.o
 .comment       0x000000000000007b       0x7c Drivers/STM32G4xx_HAL_Driver/Src/stm32g4xx_hal_adc.o
 .comment       0x000000000000007b       0x7c Drivers/STM32G4xx_HAL_Driver/Src/stm32g4xx_hal_adc_ex.o
 .comment       0x000000000000007b       0x7c Drivers/STM32G4xx_HAL_Driver/Src/stm32g4xx_hal_cortex.o
 .comment       0x000000000000007b       0x7c Drivers/STM32G4xx_HAL_Driver/Src/stm32g4xx_hal_gpio.o
 .comment       0x000000000000007b       0x7c Drivers/STM32G4xx_HAL_Driver/Src/stm32g4xx_hal_pwr_ex.o
 .comment       0x000000000000007b       0x7c Drivers/STM32G4xx_HAL_Driver/Src/stm32g4xx_hal_rcc.o
 .comment       0x000000000000007b       0x7c Drivers/STM32G4xx_HAL_Driver/Src/stm32g4xx_hal_rcc_ex.o
 .comment       0x000000000000007b       0x7c Drivers/STM32G4xx_HAL_Driver/Src/stm32g4xx_hal_tim.o
 .comment       0x000000000000007b       0x7c Drivers/STM32G4xx_HAL_Driver/Src/stm32g4xx_hal_tim_ex.o

.debug_frame    0x0000000000000000     0x4988
 .debug_frame   0x0000000000000000       0x48 Core/Src/adc.o
 .debug_frame   0x0000000000000048       0xf0 Core/Src/lcd.o
 .debug_frame   0x0000000000000138       0x50 Core/Src/leds.o
 .debug_frame   0x0000000000000188       0xe4 Core/Src/main.o
 .debug_frame   0x000000000000026c       0x58 Core/Src/motor.o
 .debug_frame   0x00000000000002c4       0x50 Core/Src/pwm.o
 .debug_frame   0x0000000000000314       0xf0 Core/Src/stm32g4xx_hal_msp.o
 .debug_frame   0x0000000000000404      0x10c Core/Src/stm32g4xx_it.o
 .debug_frame   0x0000000000000510       0x58 Core/Src/system_stm32g4xx.o
 .debug_frame   0x0000000000000568      0x4a0 Drivers/STM32G4xx_HAL_Driver/Src/stm32g4xx_hal.o
 .debug_frame   0x0000000000000a08      0xacc Drivers/STM32G4xx_HAL_Driver/Src/stm32g4xx_hal_adc.o
 .debug_frame   0x00000000000014d4      0x81c Drivers/STM32G4xx_HAL_Driver/Src/stm32g4xx_hal_adc_ex.o
 .debug_frame   0x0000000000001cf0      0x498 Drivers/STM32G4xx_HAL_Driver/Src/stm32g4xx_hal_cortex.o
 .debug_frame   0x0000000000002188      0x14c Drivers/STM32G4xx_HAL_Driver/Src/stm32g4xx_hal_gpio.o
 .debug_frame   0x00000000000022d4      0x4fc Drivers/STM32G4xx_HAL_Driver/Src/stm32g4xx_hal_pwr_ex.o
 .debug_frame   0x00000000000027d0      0x23c Drivers/STM32G4xx_HAL_Driver/Src/stm32g4xx_hal_rcc.o
 .debug_frame   0x0000000000002a0c      0x2ac Drivers/STM32G4xx_HAL_Driver/Src/stm32g4xx_hal_rcc_ex.o
 .debug_frame   0x0000000000002cb8     0x121c Drivers/STM32G4xx_HAL_Driver/Src/stm32g4xx_hal_tim.o
 .debug_frame   0x0000000000003ed4      0xa68 Drivers/STM32G4xx_HAL_Driver/Src/stm32g4xx_hal_tim_ex.o
 .debug_frame   0x000000000000493c       0x2c c:/st/stm32cubeide_1.4.0/stm32cubeide/plugins/com.st.stm32cube.ide.mcu.externaltools.gnu-tools-for-stm32.7-2018-q2-update.win32_1.4.0.202007081208/tools/bin/../lib/gcc/arm-none-eabi/7.3.1/../../../../arm-none-eabi/lib/thumb/v7e-m/fpv4-sp/hard\libc_nano.a(lib_a-init.o)
 .debug_frame   0x0000000000004968       0x20 c:/st/stm32cubeide_1.4.0/stm32cubeide/plugins/com.st.stm32cube.ide.mcu.externaltools.gnu-tools-for-stm32.7-2018-q2-update.win32_1.4.0.202007081208/tools/bin/../lib/gcc/arm-none-eabi/7.3.1/../../../../arm-none-eabi/lib/thumb/v7e-m/fpv4-sp/hard\libc_nano.a(lib_a-memset.o)
